  Determining projects to restore...
  All projects are up-to-date for restore.
C:\Users\aliha\OneDrive\Рабочий стол\Vahid\backends\MTK\src\Common\MTK.Common.Domain\Abstractions\SearchableEntity.cs(2,7): error CS0246: The type or namespace name 'NpgsqlTypes' could not be found (are you missing a using directive or an assembly reference?) [C:\Users\aliha\OneDrive\Рабочий стол\Vahid\backends\MTK\src\Common\MTK.Common.Domain\MTK.Common.Domain.csproj]
C:\Users\aliha\OneDrive\Рабочий стол\Vahid\backends\MTK\src\Common\MTK.Common.Domain\Abstractions\SearchableEntity.cs(24,12): error CS0246: The type or namespace name 'NpgsqlTsVector' could not be found (are you missing a using directive or an assembly reference?) [C:\Users\aliha\OneDrive\Рабочий стол\Vahid\backends\MTK\src\Common\MTK.Common.Domain\MTK.Common.Domain.csproj]

Build FAILED.

C:\Users\aliha\OneDrive\Рабочий стол\Vahid\backends\MTK\src\Common\MTK.Common.Domain\Abstractions\SearchableEntity.cs(2,7): error CS0246: The type or namespace name 'NpgsqlTypes' could not be found (are you missing a using directive or an assembly reference?) [C:\Users\aliha\OneDrive\Рабочий стол\Vahid\backends\MTK\src\Common\MTK.Common.Domain\MTK.Common.Domain.csproj]
C:\Users\aliha\OneDrive\Рабочий стол\Vahid\backends\MTK\src\Common\MTK.Common.Domain\Abstractions\SearchableEntity.cs(24,12): error CS0246: The type or namespace name 'NpgsqlTsVector' could not be found (are you missing a using directive or an assembly reference?) [C:\Users\aliha\OneDrive\Рабочий стол\Vahid\backends\MTK\src\Common\MTK.Common.Domain\MTK.Common.Domain.csproj]
    0 Warning(s)
    2 Error(s)

Time Elapsed 00:00:07.67
